
> portal-ecl├®sia---igreja-presbiteriana@0.0.0 build
> vite build

[36mvite v6.4.1 [32mbuilding for production...[36m[39m
transforming...
[32mÔ£ô[39m 3 modules transformed.
node.exe : 
[31mÔ£ù[39m Build 
failed in 511ms
No linha:1 
caractere:1
+ & "C:\Program Files
\nodejs/node.exe" 
"C:\Program 
Files\nodejs/node_mo 
...
+ ~~~~~~~~~~~~~~~~~~~
~~~~~~~~~~~~~~~~~~~~~
~~~~~~~~~~~~~~~~~~~~~
~~~~~~~~
    + CategoryInfo   
           : NotSpe  
  cified: ([31mÔ£   
 ù[39m Build fai    
led in 511ms:Str    
ing) [], RemoteE    
xception
    + FullyQualified 
   ErrorId : Native  
  CommandError
 
[31merror during 
build:
[31m[vite:css] 
[postcss] It looks 
like you're trying 
to use `tailwindcss` 
directly as a 
PostCSS plugin. The 
PostCSS plugin has 
moved to a separate 
package, so to 
continue using 
Tailwind CSS with 
PostCSS you'll need 
to install `@tailwind
css/postcss` and 
update your PostCSS 
configuration.[31m
file: [36mC:/Users/E
duardo/OneDrive/SISTE
MA BROTAR/Portal-ecle
sia/index.css:undefin
ed:NaN[31m
    at lt (C:\Users\E
duardo\OneDrive\SISTE
MA BROTAR\Portal-ecle
sia\node_modules\tail
windcss\dist\lib.js:3
8:1643)
    at 
LazyResult.runOnRoot 
(C:\Users\Eduardo\One
Drive\SISTEMA BROTAR\
Portal-eclesia\node_m
odules\postcss\lib\la
zy-result.js:361:16)
    at 
LazyResult.runAsync (
C:\Users\Eduardo\OneD
rive\SISTEMA BROTAR\P
ortal-eclesia\node_mo
dules\postcss\lib\laz
y-result.js:290:26)
    at async 
runPostCSS (file:///C
:/Users/Eduardo/OneDr
ive/SISTEMA%20BROTAR/
Portal-eclesia/node_m
odules/vite/dist/node
/chunks/dep-D4NMHUTW.
js:43853:21)
    at async 
compilePostCSS (file:
///C:/Users/Eduardo/O
neDrive/SISTEMA%20BRO
TAR/Portal-eclesia/no
de_modules/vite/dist/
node/chunks/dep-D4NMH
UTW.js:43823:18)
    at async 
compileCSS (file:///C
:/Users/Eduardo/OneDr
ive/SISTEMA%20BROTAR/
Portal-eclesia/node_m
odules/vite/dist/node
/chunks/dep-D4NMHUTW.
js:43678:27)
    at async 
Object.handler (file:
///C:/Users/Eduardo/O
neDrive/SISTEMA%20BRO
TAR/Portal-eclesia/no
de_modules/vite/dist/
node/chunks/dep-D4NMH
UTW.js:42994:11)
    at async 
transform (file:///C:
/Users/Eduardo/OneDri
ve/SISTEMA%20BROTAR/P
ortal-eclesia/node_mo
dules/rollup/dist/es/
shared/node-entry.js:
21243:16)
    at async ModuleLo
ader.addModuleSource 
(file:///C:/Users/Edu
ardo/OneDrive/SISTEMA
%20BROTAR/Portal-ecle
sia/node_modules/roll
up/dist/es/shared/nod
e-entry.js:21471:36)
[39m
