pages/FinanceManager.tsx(53,27): error TS2339: Property 'addFinance' does not exist on type '{ getUsers: () => Promise<User[]>; addUser: (u: Omit<User, "id"> & { password?: string; }) => Promise<void>; updateUser: (id: string, u: Partial<User> & { ...; }) => Promise<...>; ... 19 more ...; uploadImage: (file: File, bucket?: string) => Promise<...>; }'.
pages/FinanceManager.tsx(67,27): error TS2551: Property 'deleteFinance' does not exist on type '{ getUsers: () => Promise<User[]>; addUser: (u: Omit<User, "id"> & { password?: string; }) => Promise<void>; updateUser: (id: string, u: Partial<User> & { ...; }) => Promise<...>; ... 19 more ...; uploadImage: (file: File, bucket?: string) => Promise<...>; }'. Did you mean 'getFinance'?
pages/MembersManager.tsx(66,27): error TS2339: Property 'deleteMember' does not exist on type '{ getUsers: () => Promise<User[]>; addUser: (u: Omit<User, "id"> & { password?: string; }) => Promise<void>; updateUser: (id: string, u: Partial<User> & { ...; }) => Promise<...>; ... 19 more ...; uploadImage: (file: File, bucket?: string) => Promise<...>; }'.
pages/ReportsManager.tsx(78,86): error TS2362: The left-hand side of an arithmetic operation must be of type 'any', 'number', 'bigint' or an enum type.
pages/ReportsManager.tsx(78,90): error TS2363: The right-hand side of an arithmetic operation must be of type 'any', 'number', 'bigint' or an enum type.
pages/ReportsManager.tsx(80,54): error TS2362: The left-hand side of an arithmetic operation must be of type 'any', 'number', 'bigint' or an enum type.
