constants-DESKTOP-DFACRHG.ts(4,14): error TS2739: Type '{ admin: string[]; pastor_senior: string[]; missionaria: string[]; secretaria: string[]; contadora: string[]; }' is missing the following properties from type 'Record<RoleType, string[]>': editor_site, presbitero, diacono
pages/AnnouncementsManager.tsx(44,27): error TS2339: Property 'addAnnouncement' does not exist on type '{ getUsers: () => Promise<User[]>; addUser: (u: Omit<User, "id"> & { password?: string; }) => Promise<void>; updateUser: (id: string, u: Partial<User> & { ...; }) => Promise<...>; ... 13 more ...; uploadImage: (file: File, bucket?: string) => Promise<...>; }'.
pages/AnnouncementsManager.tsx(58,27): error TS2551: Property 'deleteAnnouncement' does not exist on type '{ getUsers: () => Promise<User[]>; addUser: (u: Omit<User, "id"> & { password?: string; }) => Promise<void>; updateUser: (id: string, u: Partial<User> & { ...; }) => Promise<...>; ... 13 more ...; uploadImage: (file: File, bucket?: string) => Promise<...>; }'. Did you mean 'getAnnouncements'?
pages/EventsManager.tsx(63,27): error TS2339: Property 'deleteEvent' does not exist on type '{ getUsers: () => Promise<User[]>; addUser: (u: Omit<User, "id"> & { password?: string; }) => Promise<void>; updateUser: (id: string, u: Partial<User> & { ...; }) => Promise<...>; ... 13 more ...; uploadImage: (file: File, bucket?: string) => Promise<...>; }'.
pages/FinanceManager.tsx(53,27): error TS2339: Property 'addFinance' does not exist on type '{ getUsers: () => Promise<User[]>; addUser: (u: Omit<User, "id"> & { password?: string; }) => Promise<void>; updateUser: (id: string, u: Partial<User> & { ...; }) => Promise<...>; ... 13 more ...; uploadImage: (file: File, bucket?: string) => Promise<...>; }'.
pages/FinanceManager.tsx(67,27): error TS2551: Property 'deleteFinance' does not exist on type '{ getUsers: () => Promise<User[]>; addUser: (u: Omit<User, "id"> & { password?: string; }) => Promise<void>; updateUser: (id: string, u: Partial<User> & { ...; }) => Promise<...>; ... 13 more ...; uploadImage: (file: File, bucket?: string) => Promise<...>; }'. Did you mean 'getFinance'?
pages/MembersManager.tsx(66,27): error TS2339: Property 'deleteMember' does not exist on type '{ getUsers: () => Promise<User[]>; addUser: (u: Omit<User, "id"> & { password?: string; }) => Promise<void>; updateUser: (id: string, u: Partial<User> & { ...; }) => Promise<...>; ... 13 more ...; uploadImage: (file: File, bucket?: string) => Promise<...>; }'.
pages/ReportsManager.tsx(78,86): error TS2362: The left-hand side of an arithmetic operation must be of type 'any', 'number', 'bigint' or an enum type.
pages/ReportsManager.tsx(78,90): error TS2363: The right-hand side of an arithmetic operation must be of type 'any', 'number', 'bigint' or an enum type.
pages/ReportsManager.tsx(80,54): error TS2362: The left-hand side of an arithmetic operation must be of type 'any', 'number', 'bigint' or an enum type.
pages/SermonsManager.tsx(64,27): error TS2551: Property 'deleteSermon' does not exist on type '{ getUsers: () => Promise<User[]>; addUser: (u: Omit<User, "id"> & { password?: string; }) => Promise<void>; updateUser: (id: string, u: Partial<User> & { ...; }) => Promise<...>; ... 13 more ...; uploadImage: (file: File, bucket?: string) => Promise<...>; }'. Did you mean 'deleteUser'?
pages/SocialActionsManager.tsx(49,27): error TS2339: Property 'addSocialAction' does not exist on type '{ getUsers: () => Promise<User[]>; addUser: (u: Omit<User, "id"> & { password?: string; }) => Promise<void>; updateUser: (id: string, u: Partial<User> & { ...; }) => Promise<...>; ... 13 more ...; uploadImage: (file: File, bucket?: string) => Promise<...>; }'.
pages/SocialActionsManager.tsx(63,27): error TS2551: Property 'deleteSocialAction' does not exist on type '{ getUsers: () => Promise<User[]>; addUser: (u: Omit<User, "id"> & { password?: string; }) => Promise<void>; updateUser: (id: string, u: Partial<User> & { ...; }) => Promise<...>; ... 13 more ...; uploadImage: (file: File, bucket?: string) => Promise<...>; }'. Did you mean 'getSocialActions'?
